// Jest Snapshot v1, https://goo.gl/fbAQLP

exports[`renders div with some snapshot 1`] = `
<div>
  <form
    onSubmit={[Function]}
  >
    Enter name:
    <input
      onChange={[Function]}
      type="text"
      value=""
    />
    <button>
      Add more Names
    </button>
  </form>
</div>
`;
